C51 COMPILER V9.00   门                                                                    04/15/2016 14:03:32 PAGE 1   


C51 COMPILER V9.00, COMPILATION OF MODULE 门
OBJECT MODULE PLACED IN 门.OBJ
COMPILER INVOKED BY: E:\安装程序\kill\C51\BIN\C51.EXE 门.c BROWSE DEBUG OBJECTEXTEND

line level    source

   1          #include<stc12c5a.h>
   2          #include"nrf24l01receive.h"
   3          #include"pow.h"
   4          #include"y452.h"
   5           sbit led=P1^0;
   6           static unsigned char bf;//定义全局变量播放位置变量
   7           static unsigned char jp0;//定义全局变量播放时间单位化到0.03s
   8           static unsigned char jp1;//定义全局变量控制播放时间即节拍
   9           yinyue()
  10          {//主循环
  11   1          bf=0;//全局变量播放位置变量初始
  12   1          jp0=0;//全局变量播放时间单位化初始
  13   1          jp1=0;//全局变量控制播放时间即节拍初始
  14   1          ds1();//调用定时器使用函数开始播放
  15   1      //while(1);//这里可以添加要同时执行的其他命令
  16   1      }
  17          void main()
  18          {  
  19   1              TMOD = 0x11;//打开定时器01，工作模式为1
  20   1          TR1=1;//定时器0开关打开
  21   1          EA=1;//总中断打开
  22   1          ET1=1;//定时
  23   1         SPI_Init('L'); 
  24   1         NRF24L01Int();
  25   1         SPI_Init('H');
  26   1         NRFSetRXMode();
  27   1         
  28   1      while(1);
  29   1      }
  30          
  31          
  32          
  33          
  34          
  35          
  36          
  37          
  38          void ds1_dl()interrupt 3
  39          {
  40   1              TH1 = 0x00;
  41   1              TL1 = 0x00;     
  42   1                      GetDate();
  43   1              switch(RevTempDate[2] )           //按键
  44   1              {
  45   2                      //第一行键值码   //1是灭 0是亮            //行*列
  46   2                      case 0xee:      ;                       break;     //1*1
  47   2                      case 0xde:      ;               break;     //1*2
  48   2                      case 0xbe:      ;                       break;     //1*3
  49   2                                                        
  50   2                      
  51   2                      //第二行键值码
  52   2                      case 0xed:      pow() ;         break;    //2*1
  53   2                      case 0xdd:  yinyue();   break;    //2*2
  54   2                      case 0xbd: ET0=0;fmq=0  ;       break;    //2*3    stop()
  55   2      
C51 COMPILER V9.00   门                                                                    04/15/2016 14:03:32 PAGE 2   

  56   2      
  57   2                      //第三行键值码
  58   2                      case 0xeb:   ;          break;     //3*1
  59   2                      case 0xdb:pows()        ;               break;     //3*2
  60   2                      case 0xbb:              break;     //3*3
  61   2              }
  62   1      }
  63                                                                           
*** WARNING C290 IN LINE 16 OF 门.C: missing return value


MODULE INFORMATION:   STATIC OVERLAYABLE
   CODE SIZE        =    476    ----
   CONSTANT SIZE    =      5    ----
   XDATA SIZE       =   ----    ----
   PDATA SIZE       =   ----    ----
   DATA SIZE        =     37      10
   IDATA SIZE       =   ----    ----
   BIT SIZE         =   ----    ----
END OF MODULE INFORMATION.


C51 COMPILATION COMPLETE.  1 WARNING(S),  0 ERROR(S)
